---
source: zellij-utils/src/kdl/mod.rs
expression: serialized.to_string()
---
themes {
    default {
        text_unselected {
            base 255 255 255
            background 20
            emphasis_1 208 135 112
            emphasis_2 80
            emphasis_3 40
            emphasis_4 70
        }
        text_selected {
            base 255 255 255
            background 10
            emphasis_1 208 135 112
            emphasis_2 80
            emphasis_3 40
            emphasis_4 70
        }
        ribbon_selected {
            base 20
            background 40
            emphasis_1 30
            emphasis_2 208 135 112
            emphasis_3 70
            emphasis_4 60
        }
        ribbon_unselected {
            base 20
            background 1
            emphasis_1 30
            emphasis_2 255 255 255
            emphasis_3 60
            emphasis_4 70
        }
        table_title {
            base 40
            background 0
            emphasis_1 208 135 112
            emphasis_2 80
            emphasis_3 30
            emphasis_4 70
        }
        table_cell_selected {
            base 40
            background 10
            emphasis_1 208 135 112
            emphasis_2 80
            emphasis_3 30
            emphasis_4 70
        }
        table_cell_unselected {
            base 1
            background 20
            emphasis_1 208 135 112
            emphasis_2 80
            emphasis_3 40
            emphasis_4 70
        }
        list_selected {
            base 40
            background 10
            emphasis_1 208 135 112
            emphasis_2 80
            emphasis_3 30
            emphasis_4 70
        }
        list_unselected {
            base 1
            background 10
            emphasis_1 208 135 112
            emphasis_2 80
            emphasis_3 40
            emphasis_4 70
        }
        frame_selected {
            base 40
            background 0
            emphasis_1 208 135 112
            emphasis_2 80
            emphasis_3 70
            emphasis_4 0
        }
        frame_unselected {
            base 208 135 112
            background 0
            emphasis_1 0
            emphasis_2 0
            emphasis_3 0
            emphasis_4 20
        }
        frame_highlight {
            base 40
            background 0
            emphasis_1 40
            emphasis_2 40
            emphasis_3 40
            emphasis_4 40
        }
        exit_code_success {
            base 40
            background 0
            emphasis_1 80
            emphasis_2 20
            emphasis_3 70
            emphasis_4 60
        }
        exit_code_error {
            base 30
            background 0
            emphasis_1 50
            emphasis_2 0
            emphasis_3 0
            emphasis_4 0
        }
        multiplayer_user_colors {
            player_1 70
            player_2 60
            player_3 0
            player_4 50
            player_5 80
            player_6 0
            player_7 30
            player_8 0
            player_9 0
            player_10 0
        }
    }
}
